phase 0: shapes x2
  shapes warm: slot=3 '' prompt_n=224 cache_n=0 1874 ms
  shapes b0: slot=3 'A' prompt_n=36 cache_n=224 665 ms
  shapes b1: slot=3 'A' prompt_n=35 cache_n=224 772 ms
  shapes b3: slot=3 'A' prompt_n=34 cache_n=224 939 ms
  shapes b2: slot=3 'A' prompt_n=35 cache_n=224 1022 ms
  shapes warm: slot=3 '' prompt_n=4 cache_n=220 206 ms
  shapes b1: slot=3 'A' prompt_n=35 cache_n=224 135 ms
  shapes b2: slot=3 'A' prompt_n=35 cache_n=224 200 ms
  shapes b3: slot=3 'A' prompt_n=34 cache_n=224 275 ms
  shapes b0: slot=3 'A' prompt_n=36 cache_n=224 424 ms
phase 1: 8 fresh images
  img0.png warm: slot=2 '' prompt_n=224 cache_n=0 1402 ms
  img0.png b1: slot=2 'A' prompt_n=35 cache_n=224 142 ms
  img0.png b3: slot=2 'A' prompt_n=34 cache_n=224 318 ms
  img0.png b2: slot=2 'B' prompt_n=35 cache_n=224 412 ms
  img0.png b0: slot=2 'A' prompt_n=36 cache_n=224 910 ms
  img1.png warm: slot=1 '' prompt_n=224 cache_n=0 1500 ms
  img1.png b3: slot=1 'A' prompt_n=34 cache_n=224 158 ms
  img1.png b0: slot=1 'A' prompt_n=36 cache_n=224 247 ms
  img1.png b2: slot=1 'B' prompt_n=35 cache_n=224 463 ms
  img1.png b1: slot=1 'A' prompt_n=35 cache_n=224 561 ms
  img2.png warm: slot=0 '' prompt_n=224 cache_n=0 2217 ms
  img2.png b1: slot=0 'A' prompt_n=35 cache_n=224 524 ms
  img2.png b3: slot=0 'A' prompt_n=34 cache_n=224 590 ms
  img2.png b2: slot=0 'B' prompt_n=35 cache_n=224 646 ms
  img2.png b0: slot=0 'A' prompt_n=36 cache_n=224 696 ms
  img3.png warm: slot=3 '' prompt_n=224 cache_n=0 329 ms
  img3.png b0: slot=3 'B' prompt_n=36 cache_n=224 146 ms
  img3.png b1: slot=3 'A' prompt_n=35 cache_n=224 271 ms
  img3.png b2: slot=3 'B' prompt_n=35 cache_n=224 366 ms
  img3.png b3: slot=3 'A' prompt_n=34 cache_n=224 488 ms
  img4.png warm: slot=2 '' prompt_n=224 cache_n=0 594 ms
  img4.png b0: slot=2 'A' prompt_n=36 cache_n=224 105 ms
  img4.png b1: slot=2 'A' prompt_n=35 cache_n=224 186 ms
  img4.png b2: slot=2 'B' prompt_n=35 cache_n=224 267 ms
  img4.png b3: slot=2 'A' prompt_n=34 cache_n=224 351 ms
  img5.png warm: slot=1 '' prompt_n=224 cache_n=0 654 ms
  img5.png b0: slot=1 'A' prompt_n=36 cache_n=224 95 ms
  img5.png b1: slot=1 'A' prompt_n=35 cache_n=224 170 ms
  img5.png b2: slot=1 'B' prompt_n=35 cache_n=224 244 ms
  img5.png b3: slot=1 'A' prompt_n=34 cache_n=224 328 ms
  img6.png warm: slot=0 '' prompt_n=224 cache_n=0 652 ms
  img6.png b0: slot=0 'B' prompt_n=36 cache_n=224 116 ms
  img6.png b1: slot=0 'A' prompt_n=35 cache_n=224 247 ms
  img6.png b2: slot=0 'B' prompt_n=35 cache_n=224 412 ms
  img6.png b3: slot=0 'A' prompt_n=34 cache_n=224 533 ms
  img7.png warm: slot=3 '' prompt_n=224 cache_n=0 735 ms
  img7.png b2: slot=3 'A' prompt_n=35 cache_n=224 152 ms
  img7.png b0: slot=3 'B' prompt_n=36 cache_n=224 281 ms
  img7.png b1: slot=3 'A' prompt_n=35 cache_n=224 396 ms
  img7.png b3: slot=3 'A' prompt_n=34 cache_n=224 485 ms
phase 2: shapes x5
  shapes warm: slot=2 '' prompt_n=4 cache_n=220 83 ms
  shapes b0: slot=2 'A' prompt_n=36 cache_n=224 134 ms
  shapes b1: slot=2 'A' prompt_n=35 cache_n=224 203 ms
  shapes b2: slot=2 'A' prompt_n=35 cache_n=224 276 ms
  shapes b3: slot=2 'A' prompt_n=34 cache_n=224 430 ms
  shapes warm: slot=2 '' prompt_n=4 cache_n=220 42 ms
  shapes b0: slot=2 'A' prompt_n=36 cache_n=224 89 ms
  shapes b1: slot=2 'A' prompt_n=35 cache_n=224 170 ms
  shapes b2: slot=2 'A' prompt_n=35 cache_n=224 320 ms
  shapes b3: slot=2 'A' prompt_n=34 cache_n=224 411 ms
  shapes warm: slot=2 '' prompt_n=4 cache_n=220 67 ms
  shapes b0: slot=2 'A' prompt_n=36 cache_n=224 91 ms
  shapes b1: slot=2 'A' prompt_n=35 cache_n=224 226 ms
  shapes b2: slot=2 'A' prompt_n=35 cache_n=224 321 ms
  shapes b3: slot=2 'A' prompt_n=34 cache_n=224 414 ms
  shapes warm: slot=2 '' prompt_n=4 cache_n=220 38 ms
  shapes b0: slot=2 'A' prompt_n=36 cache_n=224 101 ms
  shapes b1: slot=2 'A' prompt_n=35 cache_n=224 272 ms
  shapes b2: slot=2 'A' prompt_n=35 cache_n=224 437 ms
  shapes b3: slot=2 'A' prompt_n=34 cache_n=224 587 ms
  shapes warm: slot=2 '' prompt_n=4 cache_n=220 69 ms
  shapes b0: slot=2 'A' prompt_n=36 cache_n=224 173 ms
  shapes b1: slot=2 'A' prompt_n=35 cache_n=224 324 ms
  shapes b2: slot=2 'A' prompt_n=35 cache_n=224 877 ms
  shapes b3: slot=2 'A' prompt_n=34 cache_n=224 1297 ms
phase 3: text x3
  text warm: slot=0 'Look' prompt_n=26 cache_n=0 490 ms
  text b0: slot=0 'A' prompt_n=36 cache_n=26 487 ms
  text b1: slot=0 'A' prompt_n=35 cache_n=26 638 ms
  text b2: slot=0 'A' prompt_n=35 cache_n=26 906 ms
  text b3: slot=0 'A' prompt_n=34 cache_n=26 1129 ms
  text warm: slot=0 'Look' prompt_n=4 cache_n=22 169 ms
  text b0: slot=0 'A' prompt_n=34 cache_n=26 294 ms
  text b1: slot=0 'A' prompt_n=4 cache_n=57 459 ms
  text b2: slot=0 'A' prompt_n=4 cache_n=57 1548 ms
  text b3: slot=0 'A' prompt_n=4 cache_n=56 1555 ms
  text warm: slot=0 'Look' prompt_n=4 cache_n=22 236 ms
  text b0: slot=0 'A' prompt_n=34 cache_n=26 103 ms
  text b1: slot=0 'A' prompt_n=4 cache_n=57 559 ms
  text b2: slot=0 'A' prompt_n=4 cache_n=57 616 ms
  text b3: slot=0 'A' prompt_n=4 cache_n=56 756 ms
phase 4: shapes x5
  shapes warm: slot=2 '' prompt_n=4 cache_n=220 125 ms
  shapes b0: slot=2 'A' prompt_n=34 cache_n=224 540 ms
  shapes b3: slot=2 'A' prompt_n=4 cache_n=254 547 ms
  shapes b1: slot=2 'A' prompt_n=35 cache_n=224 638 ms
  shapes b2: slot=2 'A' prompt_n=35 cache_n=224 689 ms
  shapes warm: slot=2 '' prompt_n=4 cache_n=220 110 ms
  shapes b0: STALLED >20s -> sampling pid 41098
  shapes b1: STALLED >20s -> sampling pid 41098
  shapes b2: STALLED >20s -> sampling pid 41098
  shapes b3: STALLED >20s -> sampling pid 41098
